src/app/daw/page.tsx(634,39): error TS2345: Argument of type 'string' is not assignable to parameter of type 'number'.
src/app/daw/page.tsx(636,28): error TS2339: Property 'playKeys' does not exist on type 'ToneKeysEngine'.
src/app/daw/page.tsx(649,28): error TS2339: Property 'playBass' does not exist on type 'ToneBassEngine'.
src/app/daw/page.tsx(651,29): error TS2339: Property 'playPattern' does not exist on type 'ToneDrumMachine'.
src/app/daw/page.tsx(653,26): error TS2554: Expected 2-3 arguments, but got 1.
src/app/daw/page.tsx(655,29): error TS2554: Expected 3 arguments, but got 1.
src/lib/scheduler.ts(18,13): error TS2300: Duplicate identifier 'nextNoteTime'.
